Microchip MPLAB XC8 Compiler V1.37 ()

Linker command line:

-W-3 --edf=C:\Program Files (x86)\Microchip\xc8\v1.37\dat\en_msgs.txt -cs \
  -h+dist/default/production\CapstoneEmbeddedSystem.X.production.sym \
  --cmf=dist/default/production\CapstoneEmbeddedSystem.X.production.cmf -z \
  -Q18F87J11 -oC:\Users\jmhernan\AppData\Local\Temp\s64o.2 \
  -Mdist/default/production/CapstoneEmbeddedSystem.X.production.map -E1 \
  -ver=XC8 -ASTACK=0C4h-0f3fh -pstack=STACK -ACODE=00h-01FFF7h \
  -ACONST=00h-01FFF7h -ASMALLCONST=01000h-010FFhx495,01FF00h-01FFF7h \
  -AMEDIUMCONST=01000h-0FFFFh,011000h-01FFF7h -ACOMRAM=01h-05Fh \
  -AABS1=00h-0F3Fh -ABIGRAM=01h-0F3Fh \
  -ARAM=060h-0FFh,0100h-01FFhx14,0F00h-0F3Fh -ABANK0=060h-0FFh \
  -ABANK1=0100h-01FFh -ABANK2=0200h-02FFh -ABANK3=0300h-03FFh \
  -ABANK4=0400h-04FFh -ABANK5=0500h-05FFh -ABANK6=0600h-06FFh \
  -ABANK7=0700h-07FFh -ABANK8=0800h-08FFh -ABANK9=0900h-09FFh \
  -ABANK10=0A00h-0AFFh -ABANK11=0B00h-0BFFh -ABANK12=0C00h-0CFFh \
  -ABANK13=0D00h-0DFFh -ABANK14=0E00h-0EFFh -ABANK15=0F00h-0F3Fh \
  -ASFR=0F5Ah-0F5Fh,0F60h-0FFFh \
  -preset_vec=00h,intcode=08h,intcodelo,powerup,init,end_init \
  -pramtop=01000h -psmallconst=SMALLCONST -pmediumconst=MEDIUMCONST \
  -pconst=CONST -AFARRAM=00h-00h -ACONFIG=01FFF8h-01FFFDh -pconfig=CONFIG \
  -pjflash_buffer=01F800h \
  -prdata=COMRAM,nvrram=COMRAM,nvbit=COMRAM,rbss=COMRAM,rbit=COMRAM \
  -pfarbss=FARRAM,fardata=FARRAM,nvFARRAM=FARRAM \
  -pintsave_regs=BIGRAM,bigbss=BIGRAM,bigdata=BIGRAM -pbss=RAM \
  -pidata=CODE,irdata=CODE,ibigdata=CODE,ifardata=CODE -prparam=COMRAM \
  C:\Users\jmhernan\AppData\Local\Temp\s64o.obj \
  dist/default/production\CapstoneEmbeddedSystem.X.production.obj 

Object code version is 3.11

Machine type is 18F87J11

Call graph: (short form)




                Name                               Link     Load   Length Selector   Space Scale
C:\Users\jmhernan\AppData\Local\Temp\s64o.obj
                end_init                             DC       DC        4        4       0
                reset_vec                             0        0        4        0       0
                config                            1FFF8    1FFF8        6    1FFF8       0
dist/default/production\CapstoneEmbeddedSystem.X.production.obj
                intcode                               8        8       D4        4       0
                temp                                 47       47        1        1       1
                smallconst                         1000     1000       34      800       0
                text37                             1A38     1A38       2E      81A       0
                text36                             1A8A     1A8A       24      81A       0
                text34                             1B02     1B02       16      81A       0
                text33                             1AE6     1AE6       1C      81A       0
                text32                             18A2     18A2       60      81A       0
                text31                             1ACA     1ACA       1C      81A       0
                text30                             1B3C     1B3C       12      81A       0
                text29                             1A66     1A66       24      81A       0
                text28                             1902     1902       4A      81A       0
                text27                             194C     194C       46      81A       0
                text26                             1B9E     1B9E        C      81A       0
                text25                             1BD4     1BD4        6      81A       0
                text24                             1B78     1B78        E      81A       0
                text23                             1B6A     1B6A        E      81A       0
                text22                             1B2A     1B2A       12      81A       0
                text21                             1A08     1A08       30      81A       0
                text20                             1B18     1B18       12      81A       0
                text19                             16D2     16D2       AE      81A       0
                text18                             19D0     19D0       38      81A       0
                text17                             15EC     15EC       E6      81A       0
                text16                             1812     1812       90      81A       0
                text15                             140C     140C       F4      81A       0
                text14                             1500     1500       EC      81A       0
                text13                             1BCE     1BCE        6      81A       0
                text12                             1034     1034      1AC      81A       0
                text11                             11E0     11E0      12E      81A       0
                text10                             130E     130E       FE      81A       0
                text9                              1B5C     1B5C        E      81A       0
                text8                              1B92     1B92        C      81A       0
                text7                              1AAE     1AAE       1C      81A       0
                text6                              1BC8     1BC8        6      81A       0
                text5                              1BBE     1BBE        A      81A       0
                text4                              1BB4     1BB4        A      81A       0
                text3                              1B4E     1B4E        E      81A       0
                text2                              1BAA     1BAA        A      81A       0
                text1                              1B86     1B86        C      81A       0
                text0                              1780     1780       92      81A       0
                cstackCOMRAM                          1        1       3F        1       1
                cstackBANK0                          A0       A0       24       60       1
                bssBANK0                             60       60       40       60       1
                dataCOMRAM                           40       40        5        1       1
                bssCOMRAM                            45       45        2        1       1
                cinit                              1992     1992       3E      81A       0
                idataCOMRAM                        1BDA     1BDA        5      81A       0

TOTAL           Name                               Link     Load   Length     Space
        CLASS   STACK          

        CLASS   CODE           
                end_init                             DC       DC        4         0
                intcode                               8        8       D4         0
                reset_vec                             0        0        4         0
                text37                             1A38     1A38       2E         0
                text36                             1A8A     1A8A       24         0
                text34                             1B02     1B02       16         0
                text33                             1AE6     1AE6       1C         0
                text32                             18A2     18A2       60         0
                text31                             1ACA     1ACA       1C         0
                text30                             1B3C     1B3C       12         0
                text29                             1A66     1A66       24         0
                text28                             1902     1902       4A         0
                text27                             194C     194C       46         0
                text26                             1B9E     1B9E        C         0
                text25                             1BD4     1BD4        6         0
                text24                             1B78     1B78        E         0
                text23                             1B6A     1B6A        E         0
                text22                             1B2A     1B2A       12         0
                text21                             1A08     1A08       30         0
                text20                             1B18     1B18       12         0
                text19                             16D2     16D2       AE         0
                text18                             19D0     19D0       38         0
                text17                             15EC     15EC       E6         0
                text16                             1812     1812       90         0
                text15                             140C     140C       F4         0
                text14                             1500     1500       EC         0
                text13                             1BCE     1BCE        6         0
                text12                             1034     1034      1AC         0
                text11                             11E0     11E0      12E         0
                text10                             130E     130E       FE         0
                text9                              1B5C     1B5C        E         0
                text8                              1B92     1B92        C         0
                text7                              1AAE     1AAE       1C         0
                text6                              1BC8     1BC8        6         0
                text5                              1BBE     1BBE        A         0
                text4                              1BB4     1BB4        A         0
                text3                              1B4E     1B4E        E         0
                text2                              1BAA     1BAA        A         0
                text1                              1B86     1B86        C         0
                text0                              1780     1780       92         0
                cinit                              1992     1992       3E         0
                idataCOMRAM                        1BDA     1BDA        5         0

        CLASS   CONST          

        CLASS   SMALLCONST     
                smallconst                         1000     1000       34         0

        CLASS   MEDIUMCONST    

        CLASS   COMRAM         
                temp                                 47       47        1         1
                cstackCOMRAM                          1        1       3F         1
                dataCOMRAM                           40       40        5         1
                bssCOMRAM                            45       45        2         1

        CLASS   ABS1           

        CLASS   BIGRAM         

        CLASS   RAM            

        CLASS   BANK0          
                cstackBANK0                          A0       A0       24         1
                bssBANK0                             60       60       40         1

        CLASS   BANK1          

        CLASS   BANK2          

        CLASS   BANK3          

        CLASS   BANK4          

        CLASS   BANK5          

        CLASS   BANK6          

        CLASS   BANK7          

        CLASS   BANK8          

        CLASS   BANK9          

        CLASS   BANK10         

        CLASS   BANK11         

        CLASS   BANK12         

        CLASS   BANK13         

        CLASS   BANK14         

        CLASS   BANK15         

        CLASS   SFR            

        CLASS   FARRAM         

        CLASS   CONFIG         
                config                            1FFF8    1FFF8        6         0

        CLASS   IDLOC          



SEGMENTS        Name                           Load    Length   Top    Selector   Space  Class

                reset_vec                      000000  000004  000004         0       0  CODE    
                cstackCOMRAM                   000001  000047  000048         1       1  COMRAM  
                intcode                        000008  0000D8  0000E0         4       0  CODE    
                bssBANK0                       000060  000064  0000C4        60       1  BANK0   
                smallconst                     001000  000034  001034       800       0  SMALLCON
                text12                         001034  000BAB  001BDF       81A       0  CODE    
                config                         01FFF8  000006  01FFFE     1FFF8       0  CONFIG  


UNUSED ADDRESS RANGES

        Name                Unused          Largest block    Delta
        BANK0            000C4-000FF              3C
        BANK1            00100-001FF             100
        BANK10           00A00-00AFF             100
        BANK11           00B00-00BFF             100
        BANK12           00C00-00CFF             100
        BANK13           00D00-00DFF             100
        BANK14           00E00-00EFF             100
        BANK15           00F00-00F3F              40
        BANK2            00200-002FF             100
        BANK3            00300-003FF             100
        BANK4            00400-004FF             100
        BANK5            00500-005FF             100
        BANK6            00600-006FF             100
        BANK7            00700-007FF             100
        BANK8            00800-008FF             100
        BANK9            00900-009FF             100
        BIGRAM           00048-0005F              18
                         000C4-00F3F             E7C
        CODE             00004-00007               4
                         000E0-00FFF             F20
                         01BDF-1FFF7           1E419
        COMRAM           00048-0005F              18
        CONST            00004-00007               4
                         000E0-00FFF             F20
                         01BDF-1FFF7           1E419
        MEDIUMCONST      01BDF-0FFFF            E421
                         11000-1FFF7            EFF8
        RAM              000C4-00F3F             100
        SFR              00F5A-00FFF               6
        SMALLCONST       01BDF-1FFF7             100
        STACK            000C4-00F3F             E7C

                                  Symbol Table

?_ADC_getTemperature           cstackBANK0   000AB
?___awtoft                     cstackCOMRAM  0001D
?___ftadd                      cstackCOMRAM  00030
?___ftdiv                      cstackCOMRAM  00030
?___ftmul                      cstackCOMRAM  00021
?___ftpack                     cstackCOMRAM  00015
?___fttol                      cstackCOMRAM  0003C
?_getTemperature               cstackBANK0   000BC
ADC_getCarPower@H_byte         cstackBANK0   000A7
ADC_getCarPower@L_byte         cstackBANK0   000A3
ADC_getCarPower@Vref           cstackBANK0   000A0
ADC_getCarPower@stepNumber     cstackBANK0   000A5
ADC_getTemperature@H_byte      cstackBANK0   000BA
ADC_getTemperature@L_byte      cstackBANK0   000B6
ADC_getTemperature@b           cstackBANK0   000AD
ADC_getTemperature@m           cstackBANK0   000B0
ADC_getTemperature@result      cstackBANK0   000B8
ADC_getTemperature@stepNumber  cstackBANK0   000B3
UART_SmartSeatStatus@F6754     dataCOMRAM    00040
UART_SmartSeatStatus@bitmap    cstackCOMRAM  00017
UART_SmartSeatStatus@s         cstackCOMRAM  00018
UART_transmit@s                cstackCOMRAM  00015
_ADCON0bits                    (abs)         00FC2
_ADCON1bits                    (abs)         00FC1
_ADC_getCarPower               text14        01500
_ADC_getTemperature            text10        0130E
_ADC_set                       text34        01B02
_ADRESH                        (abs)         00FC4
_ADRESL                        (abs)         00FC3
_BAUDCON1bits                  (abs)         00F7E
_BTLE_reboot                   text30        01B3C
_BTLE_set                      text28        01902
_INTCONbits                    (abs)         00FF2
_IPR1bits                      (abs)         00F9F
_ISR                           intcode       00008
_LATAbits                      (abs)         00F89
_LATBbits                      (abs)         00F8A
_LATD                          (abs)         00F8C
_LATDbits                      (abs)         00F8C
_OSCCON                        (abs)         00FD3
_PIE1bits                      (abs)         00F9D
_PIR1bits                      (abs)         00F9E
_PORTHbits                     (abs)         00F87
_RCONbits                      (abs)         00FD0
_RCREG1                        (abs)         00FAF
_RCSTA1bits                    (abs)         00FAC
_SPBRG1                        (abs)         00FB0
_SSP1CON2bits                  (abs)         00FC5
_T0CONbits                     (abs)         00FD5
_TMR0H                         (abs)         00FD7
_TMR0L                         (abs)         00FD6
_TRISAbits                     (abs)         00F92
_TRISBbits                     (abs)         00F93
_TRISCbits                     (abs)         00F94
_TRISD                         (abs)         00F95
_TRISFbits                     (abs)         00F97
_TRISHbits                     (abs)         00F99
_TXREG                         (abs)         00FAE
_TXSTA1bits                    (abs)         00FAD
_TXSTAbits                     (abs)         00FAD
_UART_SmartSeatStatus          text27        0194C
_UART_init                     text22        01B2A
_UART_transmit                 text32        018A2
_WDTCONbits                    (abs)         00FC0
__CFG_BW$16                    (abs)         00000
__CFG_CCP2MX$DEFAULT           (abs)         00000
__CFG_CP0$OFF                  (abs)         00000
__CFG_DEBUG$OFF                (abs)         00000
__CFG_EASHFT$ON                (abs)         00000
__CFG_ECCPMX$DEFAULT           (abs)         00000
__CFG_FCMEN$ON                 (abs)         00000
__CFG_FOSC$INTOSC              (abs)         00000
__CFG_IESO$ON                  (abs)         00000
__CFG_MODE$MM                  (abs)         00000
__CFG_MSSPMSK$MSK7             (abs)         00000
__CFG_PMPMX$DEFAULT            (abs)         00000
__CFG_STVREN$OFF               (abs)         00000
__CFG_WAIT$OFF                 (abs)         00000
__CFG_WDTEN$OFF                (abs)         00000
__CFG_WDTPS$32768              (abs)         00000
__CFG_XINST$OFF                (abs)         00000
__HRAM                         (abs)         00000
__Habs1                        abs1          00000
__Hbank0                       bank0         00000
__Hbank1                       bank1         00000
__Hbank10                      bank10        00000
__Hbank11                      bank11        00000
__Hbank12                      bank12        00000
__Hbank13                      bank13        00000
__Hbank14                      bank14        00000
__Hbank15                      bank15        00000
__Hbank2                       bank2         00000
__Hbank3                       bank3         00000
__Hbank4                       bank4         00000
__Hbank5                       bank5         00000
__Hbank6                       bank6         00000
__Hbank7                       bank7         00000
__Hbank8                       bank8         00000
__Hbank9                       bank9         00000
__Hbigbss                      bigbss        00000
__Hbigdata                     bigdata       00000
__Hbigram                      bigram        00000
__Hbss                         bss           00000
__HbssBANK0                    bssBANK0      00000
__HbssCOMRAM                   bssCOMRAM     00000
__Hcinit                       cinit         00000
__Hclrtext                     clrtext       00000
__Hcomram                      comram        00000
__Hconfig                      config        1FFFE
__Hconst                       const         00000
__HcstackBANK0                 cstackBANK0   00000
__HcstackCOMRAM                cstackCOMRAM  00000
__Hdata                        data          00000
__HdataCOMRAM                  dataCOMRAM    00000
__Hend_init                    end_init      000E0
__Hfarbss                      farbss        00000
__Hfardata                     fardata       00000
__Hibigdata                    ibigdata      00000
__Hidata                       idata         00000
__HidataCOMRAM                 idataCOMRAM   00000
__Hidloc                       idloc         00000
__Hifardata                    ifardata      00000
__Hinit                        init          000DC
__Hintcode                     intcode       000DC
__Hintcode_body                intcode_body  00000
__Hintcodelo                   intcodelo     000DC
__Hintentry                    intentry      00000
__Hintret                      intret        00000
__Hintsave_regs                intsave_regs  00000
__Hirdata                      irdata        00000
__Hjflash_buffer               jflash_buffer 1F800
__Hmediumconst                 mediumconst   00000
__HnvFARRAM                    nvFARRAM      00000
__Hnvbit                       nvbit         00000
__Hnvrram                      nvrram        00000
__Hparam                       rparam        00000
__Hpowerup                     powerup       000DC
__Hram                         ram           00000
__Hramtop                      ramtop        01000
__Hrbit                        rbit          00000
__Hrbss                        rbss          00000
__Hrdata                       rdata         00000
__Hreset_vec                   reset_vec     00004
__Hrparam                      rparam        00000
__Hsfr                         sfr           00000
__Hsmallconst                  smallconst    01034
__Hspace_0                     (abs)         1FFFE
__Hspace_1                     (abs)         000C4
__Hspace_2                     (abs)         00000
__Hstack                       stack         00000
__Hstruct                      struct        00000
__Htemp                        temp          00048
__Htext                        text          00000
__Htext0                       text0         00000
__Htext1                       text1         00000
__Htext10                      text10        00000
__Htext11                      text11        00000
__Htext12                      text12        00000
__Htext13                      text13        00000
__Htext14                      text14        00000
__Htext15                      text15        00000
__Htext16                      text16        00000
__Htext17                      text17        00000
__Htext18                      text18        00000
__Htext19                      text19        00000
__Htext2                       text2         00000
__Htext20                      text20        00000
__Htext21                      text21        00000
__Htext22                      text22        00000
__Htext23                      text23        00000
__Htext24                      text24        00000
__Htext25                      text25        00000
__Htext26                      text26        00000
__Htext27                      text27        00000
__Htext28                      text28        00000
__Htext29                      text29        00000
__Htext3                       text3         00000
__Htext30                      text30        00000
__Htext31                      text31        00000
__Htext32                      text32        00000
__Htext33                      text33        00000
__Htext34                      text34        00000
__Htext36                      text36        00000
__Htext37                      text37        00000
__Htext4                       text4         00000
__Htext5                       text5         00000
__Htext6                       text6         00000
__Htext7                       text7         00000
__Htext8                       text8         00000
__Htext9                       text9         00000
__LRAM                         (abs)         00001
__Labs1                        abs1          00000
__Lbank0                       bank0         00000
__Lbank1                       bank1         00000
__Lbank10                      bank10        00000
__Lbank11                      bank11        00000
__Lbank12                      bank12        00000
__Lbank13                      bank13        00000
__Lbank14                      bank14        00000
__Lbank15                      bank15        00000
__Lbank2                       bank2         00000
__Lbank3                       bank3         00000
__Lbank4                       bank4         00000
__Lbank5                       bank5         00000
__Lbank6                       bank6         00000
__Lbank7                       bank7         00000
__Lbank8                       bank8         00000
__Lbank9                       bank9         00000
__Lbigbss                      bigbss        00000
__Lbigdata                     bigdata       00000
__Lbigram                      bigram        00000
__Lbss                         bss           00000
__LbssBANK0                    bssBANK0      00000
__LbssCOMRAM                   bssCOMRAM     00000
__Lcinit                       cinit         00000
__Lclrtext                     clrtext       00000
__Lcomram                      comram        00000
__Lconfig                      config        1FFF8
__Lconst                       const         00000
__LcstackBANK0                 cstackBANK0   00000
__LcstackCOMRAM                cstackCOMRAM  00000
__Ldata                        data          00000
__LdataCOMRAM                  dataCOMRAM    00000
__Lend_init                    end_init      000DC
__Lfarbss                      farbss        00000
__Lfardata                     fardata       00000
__Libigdata                    ibigdata      00000
__Lidata                       idata         00000
__LidataCOMRAM                 idataCOMRAM   00000
__Lidloc                       idloc         00000
__Lifardata                    ifardata      00000
__Linit                        init          000DC
__Lintcode                     intcode       00008
__Lintcode_body                intcode_body  00000
__Lintcodelo                   intcodelo     000DC
__Lintentry                    intentry      00000
__Lintret                      intret        00000
__Lintsave_regs                intsave_regs  00000
__Lirdata                      irdata        00000
__Ljflash_buffer               jflash_buffer 1F800
__Lmediumconst                 mediumconst   00000
__LnvFARRAM                    nvFARRAM      00000
__Lnvbit                       nvbit         00000
__Lnvrram                      nvrram        00000
__Lparam                       rparam        00000
__Lpowerup                     powerup       000DC
__Lram                         ram           00000
__Lramtop                      ramtop        01000
__Lrbit                        rbit          00000
__Lrbss                        rbss          00000
__Lrdata                       rdata         00000
__Lreset_vec                   reset_vec     00000
__Lrparam                      rparam        00000
__Lsfr                         sfr           00000
__Lsmallconst                  smallconst    01000
__Lspace_0                     (abs)         00000
__Lspace_1                     (abs)         00000
__Lspace_2                     (abs)         00000
__Lstack                       stack         00000
__Lstruct                      struct        00000
__Ltemp                        temp          00047
__Ltext                        text          00000
__Ltext0                       text0         00000
__Ltext1                       text1         00000
__Ltext10                      text10        00000
__Ltext11                      text11        00000
__Ltext12                      text12        00000
__Ltext13                      text13        00000
__Ltext14                      text14        00000
__Ltext15                      text15        00000
__Ltext16                      text16        00000
__Ltext17                      text17        00000
__Ltext18                      text18        00000
__Ltext19                      text19        00000
__Ltext2                       text2         00000
__Ltext20                      text20        00000
__Ltext21                      text21        00000
__Ltext22                      text22        00000
__Ltext23                      text23        00000
__Ltext24                      text24        00000
__Ltext25                      text25        00000
__Ltext26                      text26        00000
__Ltext27                      text27        00000
__Ltext28                      text28        00000
__Ltext29                      text29        00000
__Ltext3                       text3         00000
__Ltext30                      text30        00000
__Ltext31                      text31        00000
__Ltext32                      text32        00000
__Ltext33                      text33        00000
__Ltext34                      text34        00000
__Ltext36                      text36        00000
__Ltext37                      text37        00000
__Ltext4                       text4         00000
__Ltext5                       text5         00000
__Ltext6                       text6         00000
__Ltext7                       text7         00000
__Ltext8                       text8         00000
__Ltext9                       text9         00000
__S0                           (abs)         1FFFE
__S1                           (abs)         000C4
__S2                           (abs)         00000
___awtoft                      text18        019D0
___awtoft@c                    cstackCOMRAM  0001D
___awtoft@sign                 cstackCOMRAM  00020
___extmem_base                 (abs)         20000
___ftadd                       text12        01034
___ftadd@exp1                  cstackCOMRAM  0003B
___ftadd@exp2                  cstackCOMRAM  0003A
___ftadd@f1                    cstackCOMRAM  00030
___ftadd@f2                    cstackCOMRAM  00033
___ftadd@sign                  cstackCOMRAM  00039
___ftdiv                       text17        015EC
___ftdiv@cntr                  cstackCOMRAM  00039
___ftdiv@exp                   cstackCOMRAM  0003D
___ftdiv@f1                    cstackCOMRAM  00030
___ftdiv@f2                    cstackCOMRAM  00033
___ftdiv@f3                    cstackCOMRAM  0003A
___ftdiv@sign                  cstackCOMRAM  0003E
___ftge                        text16        01812
___ftge@ff1                    cstackCOMRAM  00015
___ftge@ff2                    cstackCOMRAM  00018
___ftmul                       text15        0140C
___ftmul@cntr                  cstackCOMRAM  0002E
___ftmul@exp                   cstackCOMRAM  0002A
___ftmul@f1                    cstackCOMRAM  00021
___ftmul@f2                    cstackCOMRAM  00024
___ftmul@f3_as_product         cstackCOMRAM  0002B
___ftmul@sign                  cstackCOMRAM  0002F
___ftpack                      text19        016D2
___ftpack@arg                  cstackCOMRAM  00015
___ftpack@exp                  cstackCOMRAM  00018
___ftpack@sign                 cstackCOMRAM  00019
___fttol                       text11        011E0
___fttol@exp1                  cstackBANK0   000AA
___fttol@f1                    cstackCOMRAM  0003C
___fttol@lval                  cstackBANK0   000A6
___fttol@sign1                 cstackBANK0   000A5
___inthi_sp                    stack         00000
___intlo_sp                    stack         00000
___param_bank                  (abs)         00010
___rparam_used                 (abs)         00001
___sp                          stack         00000
__accesstop                    (abs)         00060
__activetblptr                 (abs)         00002
__end_of_ADC_getCarPower       text14        015EC
__end_of_ADC_getTemperature    text10        0140C
__end_of_ADC_set               text34        01B18
__end_of_BTLE_reboot           text30        01B4E
__end_of_BTLE_set              text28        0194C
__end_of_ISR                   intcode       000DC
__end_of_UART_SmartSeatStatus  text27        01992
__end_of_UART_init             text22        01B3C
__end_of_UART_transmit         text32        01902
__end_of___awtoft              text18        01A08
__end_of___ftadd               text12        011E0
__end_of___ftdiv               text17        016D2
__end_of___ftge                text16        018A2
__end_of___ftmul               text15        01500
__end_of___ftpack              text19        01780
__end_of___fttol               text11        0130E
__end_of__initialization       cinit         019C2
__end_of_checkTemperature      text21        01A38
__end_of_clearStringBuffer     text29        01A8A
__end_of_delay_100ms           text33        01B02
__end_of_delay_1s              text31        01AE6
__end_of_delay_sec             text20        01B2A
__end_of_getCarPower           text13        01BD4
__end_of_getTemperature        text9         01B6A
__end_of_getWeightInSeat       text8         01B9E
__end_of_main                  text0         01812
__end_of_packageBitmap         text7         01ACA
__end_of_set_Fosc              text6         01BCE
__end_of_set_UARTBaudConfig    text26        01BAA
__end_of_set_UARTBaudRate      text25        01BDA
__end_of_set_UARTrx            text24        01B86
__end_of_set_UARTtx            text23        01B78
__end_of_set_input_pins        text4         01BBE
__end_of_set_interrupts        text5         01BC8
__end_of_set_output_pins       text3         01B5C
__end_of_set_pins              text2         01BB4
__end_of_set_timer0            text1         01B92
__end_of_str_copy              text37        01A66
__end_ofi2_clearStringBuffer   text36        01AAE
__initialization               cinit         01992
__mediumconst                  mediumconst   00000
__pbssBANK0                    bssBANK0      00060
__pbssCOMRAM                   bssCOMRAM     00045
__pcinit                       cinit         01992
__pcstackBANK0                 cstackBANK0   000A0
__pcstackCOMRAM                cstackCOMRAM  00001
__pdataCOMRAM                  dataCOMRAM    00040
__pidataCOMRAM                 idataCOMRAM   01BDA
__pintcode                     intcode       00008
__psmallconst                  smallconst    01000
__ptext0                       text0         01780
__ptext1                       text1         01B86
__ptext10                      text10        0130E
__ptext11                      text11        011E0
__ptext12                      text12        01034
__ptext13                      text13        01BCE
__ptext14                      text14        01500
__ptext15                      text15        0140C
__ptext16                      text16        01812
__ptext17                      text17        015EC
__ptext18                      text18        019D0
__ptext19                      text19        016D2
__ptext2                       text2         01BAA
__ptext20                      text20        01B18
__ptext21                      text21        01A08
__ptext22                      text22        01B2A
__ptext23                      text23        01B6A
__ptext24                      text24        01B78
__ptext25                      text25        01BD4
__ptext26                      text26        01B9E
__ptext27                      text27        0194C
__ptext28                      text28        01902
__ptext29                      text29        01A66
__ptext3                       text3         01B4E
__ptext30                      text30        01B3C
__ptext31                      text31        01ACA
__ptext32                      text32        018A2
__ptext33                      text33        01AE6
__ptext34                      text34        01B02
__ptext36                      text36        01A8A
__ptext37                      text37        01A38
__ptext4                       text4         01BB4
__ptext5                       text5         01BBE
__ptext6                       text6         01BC8
__ptext7                       text7         01AAE
__ptext8                       text8         01B92
__ptext9                       text9         01B5C
__ramtop                       ramtop        01000
__size_of_ADC_getCarPower      (abs)         00000
__size_of_ADC_getTemperature   (abs)         00000
__size_of_ADC_set              (abs)         00000
__size_of_BTLE_reboot          (abs)         00000
__size_of_BTLE_set             (abs)         00000
__size_of_ISR                  (abs)         00000
__size_of_UART_SmartSeatStatus (abs)         00000
__size_of_UART_init            (abs)         00000
__size_of_UART_transmit        (abs)         00000
__size_of___awtoft             (abs)         00000
__size_of___ftadd              (abs)         00000
__size_of___ftdiv              (abs)         00000
__size_of___ftge               (abs)         00000
__size_of___ftmul              (abs)         00000
__size_of___ftpack             (abs)         00000
__size_of___fttol              (abs)         00000
__size_of_checkTemperature     (abs)         00000
__size_of_clearStringBuffer    (abs)         00000
__size_of_delay_100ms          (abs)         00000
__size_of_delay_1s             (abs)         00000
__size_of_delay_sec            (abs)         00000
__size_of_getCarPower          (abs)         00000
__size_of_getTemperature       (abs)         00000
__size_of_getWeightInSeat      (abs)         00000
__size_of_main                 (abs)         00000
__size_of_packageBitmap        (abs)         00000
__size_of_set_Fosc             (abs)         00000
__size_of_set_UARTBaudConfig   (abs)         00000
__size_of_set_UARTBaudRate     (abs)         00000
__size_of_set_UARTrx           (abs)         00000
__size_of_set_UARTtx           (abs)         00000
__size_of_set_input_pins       (abs)         00000
__size_of_set_interrupts       (abs)         00000
__size_of_set_output_pins      (abs)         00000
__size_of_set_pins             (abs)         00000
__size_of_set_timer0           (abs)         00000
__size_of_str_copy             (abs)         00000
__size_ofi2_clearStringBuffer  (abs)         00000
__smallconst                   smallconst    01000
_asciiValue                    bssCOMRAM     00045
_checkTemperature              text21        01A08
_clearStringBuffer             text29        01A66
_delay_100ms                   text33        01AE6
_delay_1s                      text31        01ACA
_delay_sec                     text20        01B18
_getCarPower                   text13        01BCE
_getTemperature                text9         01B5C
_getWeightInSeat               text8         01B92
_main                          text0         01780
_message                       bssBANK0      00060
_packageBitmap                 text7         01AAE
_ptr                           bssCOMRAM     00046
_rxBuffer                      bssBANK0      00080
_set_Fosc                      text6         01BC8
_set_UARTBaudConfig            text26        01B9E
_set_UARTBaudRate              text25        01BD4
_set_UARTrx                    text24        01B78
_set_UARTtx                    text23        01B6A
_set_input_pins                text4         01BB4
_set_interrupts                text5         01BBE
_set_output_pins               text3         01B4E
_set_pins                      text2         01BAA
_set_timer0                    text1         01B86
_str_copy                      text37        01A38
btemp                          temp          00047
checkTemperature@c             cstackCOMRAM  00017
checkTemperature@t             cstackCOMRAM  00015
clearStringBuffer@i            cstackCOMRAM  00015
delay_sec@i                    cstackCOMRAM  00015
end_of_initialization          cinit         019C2
i2_clearStringBuffer           text36        01A8A
i2clearStringBuffer@i          cstackCOMRAM  00001
int$flags                      temp          00047
intlevel0                      text          00000
intlevel1                      text          00000
intlevel2                      text          00000
intlevel3                      text          00000
main@bitmap                    cstackBANK0   000C3
main@carPower                  cstackBANK0   000C1
main@tempFlag                  cstackBANK0   000C2
main@temperature               cstackBANK0   000BE
main@weight                    cstackBANK0   000C0
packageBitmap@c                cstackCOMRAM  00015
packageBitmap@result           cstackCOMRAM  00018
packageBitmap@t                cstackCOMRAM  00016
packageBitmap@w                cstackCOMRAM  00017
stackhi                        (abs)         00F3F
stacklo                        (abs)         000C4
start                          init          000DC
start_initialization           cinit         01992
str_copy@c                     cstackCOMRAM  00005
str_copy@i                     cstackCOMRAM  00006
str_copy@s1                    cstackCOMRAM  00001
str_copy@s2                    cstackCOMRAM  00003


FUNCTION INFORMATION:

 *************** function _main *****************
 Defined at:
		line 49 in file "main.c"
 Parameters:    Size  Location     Type
		None
 Auto vars:     Size  Location     Type
  temperature     2   30[BANK0 ] short 
  bitmap          1   35[BANK0 ] unsigned char 
  tempFlag        1   34[BANK0 ] unsigned char 
  carPower        1   33[BANK0 ] unsigned char 
  weight          1   32[BANK0 ] unsigned char 
 Return value:  Size  Location     Type
                  1    wreg      void 
 Registers used:
		wreg, fsr0l, fsr0h, fsr1l, fsr1h, fsr2l, fsr2h, status,2, status,0, tblptrl, tblptrh, tblptru, prodl, prodh, cstack
 Tracked objects:
		On entry : 
		On exit  : 
		Unchanged: 
 Data sizes:     COMRAM   BANK0   BANK1   BANK2   BANK3   BANK4   BANK5   BANK6   BANK7   BANK8   BANK9  BANK10  BANK11  BANK12  BANK13  BANK14  BANK15
      Params:         0       0       0       0       0       0       0       0       0       0       0       0       0       0       0       0       0
      Locals:         0       6       0       0       0       0       0       0       0       0       0       0       0       0       0       0       0
      Temps:          0       0       0       0       0       0       0       0       0       0       0       0       0       0       0       0       0
      Totals:         0       6       0       0       0       0       0       0       0       0       0       0       0       0       0       0       0
Total ram usage:        6 bytes
 Hardware stack levels required when called:    6
 This function calls:
		_ADC_set
		_BTLE_set
		_UART_SmartSeatStatus
		_UART_init
		_checkTemperature
		_clearStringBuffer
		_delay_sec
		_getCarPower
		_getTemperature
		_getWeightInSeat
		_packageBitmap
		_set_Fosc
		_set_interrupts
		_set_pins
		_set_timer0
 This function is called by:
		Startup code after reset
 This function uses a non-reentrant model


 *************** function _set_timer0 *****************
 Defined at:
		line 24 in file "timers.c"
 Parameters:    Size  Location     Type
		None
 Auto vars:     Size  Location     Type
		None
 Return value:  Size  Location     Type
                  1    wreg      void 
 Registers used:
		None
 Tracked objects:
		On entry : 
		On exit  : 
		Unchanged: 
 Data sizes:     COMRAM   BANK0   BANK1   BANK2   BANK3   BANK4   BANK5   BANK6   BANK7   BANK8   BANK9  BANK10  BANK11  BANK12  BANK13  BANK14  BANK15
      Params:         0       0       0       0       0       0       0       0       0       0       0       0       0       0       0       0       0
      Locals:         0       0       0       0       0       0       0       0       0       0       0       0       0       0       0       0       0
      Temps:          0       0       0       0       0       0       0       0       0       0       0       0       0       0       0       0       0
      Totals:         0       0       0       0       0       0       0       0       0       0       0       0       0       0       0       0       0
Total ram usage:        0 bytes
 Hardware stack levels used:    1
 Hardware stack levels required when called:    2
 This function calls:
		Nothing
 This function is called by:
		_main
 This function uses a non-reentrant model


 *************** function _set_pins *****************
 Defined at:
		line 47 in file "MCU_config.c"
 Parameters:    Size  Location     Type
		None
 Auto vars:     Size  Location     Type
		None
 Return value:  Size  Location     Type
                  1    wreg      void 
 Registers used:
		wreg, status,2, cstack
 Tracked objects:
		On entry : 
		On exit  : 
		Unchanged: 
 Data sizes:     COMRAM   BANK0   BANK1   BANK2   BANK3   BANK4   BANK5   BANK6   BANK7   BANK8   BANK9  BANK10  BANK11  BANK12  BANK13  BANK14  BANK15
      Params:         0       0       0       0       0       0       0       0       0       0       0       0       0       0       0       0       0
      Locals:         0       0       0       0       0       0       0       0       0       0       0       0       0       0       0       0       0
      Temps:          0       0       0       0       0       0       0       0       0       0       0       0       0       0       0       0       0
      Totals:         0       0       0       0       0       0       0       0       0       0       0       0       0       0       0       0       0
Total ram usage:        0 bytes
 Hardware stack levels used:    1
 Hardware stack levels required when called:    3
 This function calls:
		_set_input_pins
		_set_output_pins
 This function is called by:
		_main
 This function uses a non-reentrant model


 *************** function _set_output_pins *****************
 Defined at:
		line 37 in file "MCU_config.c"
 Parameters:    Size  Location     Type
		None
 Auto vars:     Size  Location     Type
		None
 Return value:  Size  Location     Type
                  1    wreg      void 
 Registers used:
		wreg, status,2
 Tracked objects:
		On entry : 
		On exit  : 
		Unchanged: 
 Data sizes:     COMRAM   BANK0   BANK1   BANK2   BANK3   BANK4   BANK5   BANK6   BANK7   BANK8   BANK9  BANK10  BANK11  BANK12  BANK13  BANK14  BANK15
      Params:         0       0       0       0       0       0       0       0       0       0       0       0       0       0       0       0       0
      Locals:         0       0       0       0       0       0       0       0       0       0       0       0       0       0       0       0       0
      Temps:          0       0       0       0       0       0       0       0       0       0       0       0       0       0       0       0       0
      Totals:         0       0       0       0       0       0       0       0       0       0       0       0       0       0       0       0       0
Total ram usage:        0 bytes
 Hardware stack levels used:    1
 Hardware stack levels required when called:    2
 This function calls:
		Nothing
 This function is called by:
		_set_pins
 This function uses a non-reentrant model


 *************** function _set_input_pins *****************
 Defined at:
		line 27 in file "MCU_config.c"
 Parameters:    Size  Location     Type
		None
 Auto vars:     Size  Location     Type
		None
 Return value:  Size  Location     Type
                  1    wreg      void 
 Registers used:
		None
 Tracked objects:
		On entry : 
		On exit  : 
		Unchanged: 
 Data sizes:     COMRAM   BANK0   BANK1   BANK2   BANK3   BANK4   BANK5   BANK6   BANK7   BANK8   BANK9  BANK10  BANK11  BANK12  BANK13  BANK14  BANK15
      Params:         0       0       0       0       0       0       0       0       0       0       0       0       0       0       0       0       0
      Locals:         0       0       0       0       0       0       0       0       0       0       0       0       0       0       0       0       0
      Temps:          0       0       0       0       0       0       0       0       0       0       0       0       0       0       0       0       0
      Totals:         0       0       0       0       0       0       0       0       0       0       0       0       0       0       0       0       0
Total ram usage:        0 bytes
 Hardware stack levels used:    1
 Hardware stack levels required when called:    2
 This function calls:
		Nothing
 This function is called by:
		_set_pins
 This function uses a non-reentrant model


 *************** function _set_interrupts *****************
 Defined at:
		line 22 in file "interrupts.c"
 Parameters:    Size  Location     Type
		None
 Auto vars:     Size  Location     Type
		None
 Return value:  Size  Location     Type
                  1    wreg      void 
 Registers used:
		None
 Tracked objects:
		On entry : 
		On exit  : 
		Unchanged: 
 Data sizes:     COMRAM   BANK0   BANK1   BANK2   BANK3   BANK4   BANK5   BANK6   BANK7   BANK8   BANK9  BANK10  BANK11  BANK12  BANK13  BANK14  BANK15
      Params:         0       0       0       0       0       0       0       0       0       0       0       0       0       0       0       0       0
      Locals:         0       0       0       0       0       0       0       0       0       0       0       0       0       0       0       0       0
      Temps:          0       0       0       0       0       0       0       0       0       0       0       0       0       0       0       0       0
      Totals:         0       0       0       0       0       0       0       0       0       0       0       0       0       0       0       0       0
Total ram usage:        0 bytes
 Hardware stack levels used:    1
 Hardware stack levels required when called:    2
 This function calls:
		Nothing
 This function is called by:
		_main
 This function uses a non-reentrant model


 *************** function _set_Fosc *****************
 Defined at:
		line 21 in file "MCU_config.c"
 Parameters:    Size  Location     Type
		None
 Auto vars:     Size  Location     Type
		None
 Return value:  Size  Location     Type
                  1    wreg      void 
 Registers used:
		wreg, status,2
 Tracked objects:
		On entry : 
		On exit  : 
		Unchanged: 
 Data sizes:     COMRAM   BANK0   BANK1   BANK2   BANK3   BANK4   BANK5   BANK6   BANK7   BANK8   BANK9  BANK10  BANK11  BANK12  BANK13  BANK14  BANK15
      Params:         0       0       0       0       0       0       0       0       0       0       0       0       0       0       0       0       0
      Locals:         0       0       0       0       0       0       0       0       0       0       0       0       0       0       0       0       0
      Temps:          0       0       0       0       0       0       0       0       0       0       0       0       0       0       0       0       0
      Totals:         0       0       0       0       0       0       0       0       0       0       0       0       0       0       0       0       0
Total ram usage:        0 bytes
 Hardware stack levels used:    1
 Hardware stack levels required when called:    2
 This function calls:
		Nothing
 This function is called by:
		_main
 This function uses a non-reentrant model


 *************** function _packageBitmap *****************
 Defined at:
		line 60 in file "carseat.c"
 Parameters:    Size  Location     Type
  w               1    wreg     unsigned char 
  c               1   20[COMRAM] unsigned char 
  t               1   21[COMRAM] unsigned char 
 Auto vars:     Size  Location     Type
  w               1   22[COMRAM] unsigned char 
  result          1   23[COMRAM] unsigned char 
 Return value:  Size  Location     Type
                  1    wreg      unsigned char 
 Registers used:
		wreg, status,2, status,0
 Tracked objects:
		On entry : 
		On exit  : 
		Unchanged: 
 Data sizes:     COMRAM   BANK0   BANK1   BANK2   BANK3   BANK4   BANK5   BANK6   BANK7   BANK8   BANK9  BANK10  BANK11  BANK12  BANK13  BANK14  BANK15
      Params:         2       0       0       0       0       0       0       0       0       0       0       0       0       0       0       0       0
      Locals:         2       0       0       0       0       0       0       0       0       0       0       0       0       0       0       0       0
      Temps:          0       0       0       0       0       0       0       0       0       0       0       0       0       0       0       0       0
      Totals:         4       0       0       0       0       0       0       0       0       0       0       0       0       0       0       0       0
Total ram usage:        4 bytes
 Hardware stack levels used:    1
 Hardware stack levels required when called:    2
 This function calls:
		Nothing
 This function is called by:
		_main
 This function uses a non-reentrant model


 *************** function _getWeightInSeat *****************
 Defined at:
		line 23 in file "carseat.c"
 Parameters:    Size  Location     Type
		None
 Auto vars:     Size  Location     Type
		None
 Return value:  Size  Location     Type
                  1    wreg      unsigned char 
 Registers used:
		wreg
 Tracked objects:
		On entry : 
		On exit  : 
		Unchanged: 
 Data sizes:     COMRAM   BANK0   BANK1   BANK2   BANK3   BANK4   BANK5   BANK6   BANK7   BANK8   BANK9  BANK10  BANK11  BANK12  BANK13  BANK14  BANK15
      Params:         0       0       0       0       0       0       0       0       0       0       0       0       0       0       0       0       0
      Locals:         0       0       0       0       0       0       0       0       0       0       0       0       0       0       0       0       0
      Temps:          0       0       0       0       0       0       0       0       0       0       0       0       0       0       0       0       0
      Totals:         0       0       0       0       0       0       0       0       0       0       0       0       0       0       0       0       0
Total ram usage:        0 bytes
 Hardware stack levels used:    1
 Hardware stack levels required when called:    2
 This function calls:
		Nothing
 This function is called by:
		_main
 This function uses a non-reentrant model


 *************** function _getTemperature *****************
 Defined at:
		line 41 in file "carseat.c"
 Parameters:    Size  Location     Type
		None
 Auto vars:     Size  Location     Type
		None
 Return value:  Size  Location     Type
                  2   28[BANK0 ] short 
 Registers used:
		wreg, status,2, status,0, cstack
 Tracked objects:
		On entry : 
		On exit  : 
		Unchanged: 
 Data sizes:     COMRAM   BANK0   BANK1   BANK2   BANK3   BANK4   BANK5   BANK6   BANK7   BANK8   BANK9  BANK10  BANK11  BANK12  BANK13  BANK14  BANK15
      Params:         0       2       0       0       0       0       0       0       0       0       0       0       0       0       0       0       0
      Locals:         0       0       0       0       0       0       0       0       0       0       0       0       0       0       0       0       0
      Temps:          0       0       0       0       0       0       0       0       0       0       0       0       0       0       0       0       0
      Totals:         0       2       0       0       0       0       0       0       0       0       0       0       0       0       0       0       0
Total ram usage:        2 bytes
 Hardware stack levels used:    1
 Hardware stack levels required when called:    5
 This function calls:
		_ADC_getTemperature
 This function is called by:
		_main
 This function uses a non-reentrant model


 *************** function _ADC_getTemperature *****************
 Defined at:
		line 34 in file "atod_converter.c"
 Parameters:    Size  Location     Type
		None
 Auto vars:     Size  Location     Type
  stepNumber      3   19[BANK0 ] float 
  m               3   16[BANK0 ] float 
  b               3   13[BANK0 ] float 
  H_byte          2   26[BANK0 ] short 
  result          2   24[BANK0 ] short 
  L_byte          2   22[BANK0 ] short 
 Return value:  Size  Location     Type
                  2   11[BANK0 ] short 
 Registers used:
		wreg, status,2, status,0, cstack
 Tracked objects:
		On entry : 
		On exit  : 
		Unchanged: 
 Data sizes:     COMRAM   BANK0   BANK1   BANK2   BANK3   BANK4   BANK5   BANK6   BANK7   BANK8   BANK9  BANK10  BANK11  BANK12  BANK13  BANK14  BANK15
      Params:         0       2       0       0       0       0       0       0       0       0       0       0       0       0       0       0       0
      Locals:         0      15       0       0       0       0       0       0       0       0       0       0       0       0       0       0       0
      Temps:          0       0       0       0       0       0       0       0       0       0       0       0       0       0       0       0       0
      Totals:         0      17       0       0       0       0       0       0       0       0       0       0       0       0       0       0       0
Total ram usage:       17 bytes
 Hardware stack levels used:    1
 Hardware stack levels required when called:    4
 This function calls:
		___awtoft
		___ftadd
		___ftmul
		___fttol
 This function is called by:
		_getTemperature
 This function uses a non-reentrant model


 *************** function ___fttol *****************
 Defined at:
		line 44 in file "C:\Program Files (x86)\Microchip\xc8\v1.37\sources\common\fttol.c"
 Parameters:    Size  Location     Type
  f1              3   59[COMRAM] float 
 Auto vars:     Size  Location     Type
  lval            4    6[BANK0 ] unsigned long 
  exp1            1   10[BANK0 ] unsigned char 
  sign1           1    5[BANK0 ] unsigned char 
 Return value:  Size  Location     Type
                  4   59[COMRAM] long 
 Registers used:
		wreg, status,2, status,0
 Tracked objects:
		On entry : 
		On exit  : 
		Unchanged: 
 Data sizes:     COMRAM   BANK0   BANK1   BANK2   BANK3   BANK4   BANK5   BANK6   BANK7   BANK8   BANK9  BANK10  BANK11  BANK12  BANK13  BANK14  BANK15
      Params:         4       0       0       0       0       0       0       0       0       0       0       0       0       0       0       0       0
      Locals:         0       6       0       0       0       0       0       0       0       0       0       0       0       0       0       0       0
      Temps:          0       5       0       0       0       0       0       0       0       0       0       0       0       0       0       0       0
      Totals:         4      11       0       0       0       0       0       0       0       0       0       0       0       0       0       0       0
Total ram usage:       15 bytes
 Hardware stack levels used:    1
 Hardware stack levels required when called:    2
 This function calls:
		Nothing
 This function is called by:
		_ADC_getTemperature
 This function uses a non-reentrant model


 *************** function ___ftadd *****************
 Defined at:
		line 86 in file "C:\Program Files (x86)\Microchip\xc8\v1.37\sources\common\ftadd.c"
 Parameters:    Size  Location     Type
  f1              3   47[COMRAM] float 
  f2              3   50[COMRAM] float 
 Auto vars:     Size  Location     Type
  exp1            1   58[COMRAM] unsigned char 
  exp2            1   57[COMRAM] unsigned char 
  sign            1   56[COMRAM] unsigned char 
 Return value:  Size  Location     Type
                  3   47[COMRAM] float 
 Registers used:
		wreg, status,2, status,0, cstack
 Tracked objects:
		On entry : 
		On exit  : 
		Unchanged: 
 Data sizes:     COMRAM   BANK0   BANK1   BANK2   BANK3   BANK4   BANK5   BANK6   BANK7   BANK8   BANK9  BANK10  BANK11  BANK12  BANK13  BANK14  BANK15
      Params:         6       0       0       0       0       0       0       0       0       0       0       0       0       0       0       0       0
      Locals:         3       0       0       0       0       0       0       0       0       0       0       0       0       0       0       0       0
      Temps:          3       0       0       0       0       0       0       0       0       0       0       0       0       0       0       0       0
      Totals:        12       0       0       0       0       0       0       0       0       0       0       0       0       0       0       0       0
Total ram usage:       12 bytes
 Hardware stack levels used:    1
 Hardware stack levels required when called:    3
 This function calls:
		___ftpack
 This function is called by:
		_ADC_getTemperature
 This function uses a non-reentrant model


 *************** function _getCarPower *****************
 Defined at:
		line 33 in file "carseat.c"
 Parameters:    Size  Location     Type
		None
 Auto vars:     Size  Location     Type
		None
 Return value:  Size  Location     Type
                  1    wreg      unsigned char 
 Registers used:
		wreg, status,2, status,0, cstack
 Tracked objects:
		On entry : 
		On exit  : 
		Unchanged: 
 Data sizes:     COMRAM   BANK0   BANK1   BANK2   BANK3   BANK4   BANK5   BANK6   BANK7   BANK8   BANK9  BANK10  BANK11  BANK12  BANK13  BANK14  BANK15
      Params:         0       0       0       0       0       0       0       0       0       0       0       0       0       0       0       0       0
      Locals:         0       0       0       0       0       0       0       0       0       0       0       0       0       0       0       0       0
      Temps:          0       0       0       0       0       0       0       0       0       0       0       0       0       0       0       0       0
      Totals:         0       0       0       0       0       0       0       0       0       0       0       0       0       0       0       0       0
Total ram usage:        0 bytes
 Hardware stack levels used:    1
 Hardware stack levels required when called:    5
 This function calls:
		_ADC_getCarPower
 This function is called by:
		_main
 This function uses a non-reentrant model


 *************** function _ADC_getCarPower *****************
 Defined at:
		line 71 in file "atod_converter.c"
 Parameters:    Size  Location     Type
		None
 Auto vars:     Size  Location     Type
  Vref            3    0[BANK0 ] float 
  H_byte          2    7[BANK0 ] short 
  stepNumber      2    5[BANK0 ] short 
  L_byte          2    3[BANK0 ] short 
 Return value:  Size  Location     Type
                  1    wreg      unsigned char 
 Registers used:
		wreg, status,2, status,0, cstack
 Tracked objects:
		On entry : 
		On exit  : 
		Unchanged: 
 Data sizes:     COMRAM   BANK0   BANK1   BANK2   BANK3   BANK4   BANK5   BANK6   BANK7   BANK8   BANK9  BANK10  BANK11  BANK12  BANK13  BANK14  BANK15
      Params:         0       0       0       0       0       0       0       0       0       0       0       0       0       0       0       0       0
      Locals:         0       9       0       0       0       0       0       0       0       0       0       0       0       0       0       0       0
      Temps:          0       0       0       0       0       0       0       0       0       0       0       0       0       0       0       0       0
      Totals:         0       9       0       0       0       0       0       0       0       0       0       0       0       0       0       0       0
Total ram usage:        9 bytes
 Hardware stack levels used:    1
 Hardware stack levels required when called:    4
 This function calls:
		___awtoft
		___ftdiv
		___ftge
		___ftmul
 This function is called by:
		_getCarPower
 This function uses a non-reentrant model


 *************** function ___ftmul *****************
 Defined at:
		line 62 in file "C:\Program Files (x86)\Microchip\xc8\v1.37\sources\common\ftmul.c"
 Parameters:    Size  Location     Type
  f1              3   32[COMRAM] float 
  f2              3   35[COMRAM] float 
 Auto vars:     Size  Location     Type
  f3_as_produc    3   42[COMRAM] unsigned um
  sign            1   46[COMRAM] unsigned char 
  cntr            1   45[COMRAM] unsigned char 
  exp             1   41[COMRAM] unsigned char 
 Return value:  Size  Location     Type
                  3   32[COMRAM] float 
 Registers used:
		wreg, status,2, status,0, cstack
 Tracked objects:
		On entry : 
		On exit  : 
		Unchanged: 
 Data sizes:     COMRAM   BANK0   BANK1   BANK2   BANK3   BANK4   BANK5   BANK6   BANK7   BANK8   BANK9  BANK10  BANK11  BANK12  BANK13  BANK14  BANK15
      Params:         6       0       0       0       0       0       0       0       0       0       0       0       0       0       0       0       0
      Locals:         6       0       0       0       0       0       0       0       0       0       0       0       0       0       0       0       0
      Temps:          3       0       0       0       0       0       0       0       0       0       0       0       0       0       0       0       0
      Totals:        15       0       0       0       0       0       0       0       0       0       0       0       0       0       0       0       0
Total ram usage:       15 bytes
 Hardware stack levels used:    1
 Hardware stack levels required when called:    3
 This function calls:
		___ftpack
 This function is called by:
		_ADC_getTemperature
		_ADC_getCarPower
 This function uses a non-reentrant model


 *************** function ___ftge *****************
 Defined at:
		line 4 in file "C:\Program Files (x86)\Microchip\xc8\v1.37\sources\common\ftge.c"
 Parameters:    Size  Location     Type
  ff1             3   20[COMRAM] float 
  ff2             3   23[COMRAM] float 
 Auto vars:     Size  Location     Type
		None
 Return value:  Size  Location     Type
		None               void
 Registers used:
		wreg, status,2, status,0
 Tracked objects:
		On entry : 
		On exit  : 
		Unchanged: 
 Data sizes:     COMRAM   BANK0   BANK1   BANK2   BANK3   BANK4   BANK5   BANK6   BANK7   BANK8   BANK9  BANK10  BANK11  BANK12  BANK13  BANK14  BANK15
      Params:         6       0       0       0       0       0       0       0       0       0       0       0       0       0       0       0       0
      Locals:         0       0       0       0       0       0       0       0       0       0       0       0       0       0       0       0       0
      Temps:          3       0       0       0       0       0       0       0       0       0       0       0       0       0       0       0       0
      Totals:         9       0       0       0       0       0       0       0       0       0       0       0       0       0       0       0       0
Total ram usage:        9 bytes
 Hardware stack levels used:    1
 Hardware stack levels required when called:    2
 This function calls:
		Nothing
 This function is called by:
		_ADC_getCarPower
 This function uses a non-reentrant model


 *************** function ___ftdiv *****************
 Defined at:
		line 54 in file "C:\Program Files (x86)\Microchip\xc8\v1.37\sources\common\ftdiv.c"
 Parameters:    Size  Location     Type
  f1              3   47[COMRAM] float 
  f2              3   50[COMRAM] float 
 Auto vars:     Size  Location     Type
  f3              3   57[COMRAM] float 
  sign            1   61[COMRAM] unsigned char 
  exp             1   60[COMRAM] unsigned char 
  cntr            1   56[COMRAM] unsigned char 
 Return value:  Size  Location     Type
                  3   47[COMRAM] float 
 Registers used:
		wreg, status,2, status,0, cstack
 Tracked objects:
		On entry : 
		On exit  : 
		Unchanged: 
 Data sizes:     COMRAM   BANK0   BANK1   BANK2   BANK3   BANK4   BANK5   BANK6   BANK7   BANK8   BANK9  BANK10  BANK11  BANK12  BANK13  BANK14  BANK15
      Params:         6       0       0       0       0       0       0       0       0       0       0       0       0       0       0       0       0
      Locals:         6       0       0       0       0       0       0       0       0       0       0       0       0       0       0       0       0
      Temps:          3       0       0       0       0       0       0       0       0       0       0       0       0       0       0       0       0
      Totals:        15       0       0       0       0       0       0       0       0       0       0       0       0       0       0       0       0
Total ram usage:       15 bytes
 Hardware stack levels used:    1
 Hardware stack levels required when called:    3
 This function calls:
		___ftpack
 This function is called by:
		_ADC_getCarPower
 This function uses a non-reentrant model


 *************** function ___awtoft *****************
 Defined at:
		line 32 in file "C:\Program Files (x86)\Microchip\xc8\v1.37\sources\common\awtoft.c"
 Parameters:    Size  Location     Type
  c               2   28[COMRAM] int 
 Auto vars:     Size  Location     Type
  sign            1   31[COMRAM] unsigned char 
 Return value:  Size  Location     Type
                  3   28[COMRAM] float 
 Registers used:
		wreg, status,2, status,0, cstack
 Tracked objects:
		On entry : 
		On exit  : 
		Unchanged: 
 Data sizes:     COMRAM   BANK0   BANK1   BANK2   BANK3   BANK4   BANK5   BANK6   BANK7   BANK8   BANK9  BANK10  BANK11  BANK12  BANK13  BANK14  BANK15
      Params:         3       0       0       0       0       0       0       0       0       0       0       0       0       0       0       0       0
      Locals:         1       0       0       0       0       0       0       0       0       0       0       0       0       0       0       0       0
      Temps:          0       0       0       0       0       0       0       0       0       0       0       0       0       0       0       0       0
      Totals:         4       0       0       0       0       0       0       0       0       0       0       0       0       0       0       0       0
Total ram usage:        4 bytes
 Hardware stack levels used:    1
 Hardware stack levels required when called:    3
 This function calls:
		___ftpack
 This function is called by:
		_ADC_getTemperature
		_ADC_getCarPower
 This function uses a non-reentrant model


 *************** function ___ftpack *****************
 Defined at:
		line 62 in file "C:\Program Files (x86)\Microchip\xc8\v1.37\sources\common\float.c"
 Parameters:    Size  Location     Type
  arg             3   20[COMRAM] unsigned um
  exp             1   23[COMRAM] unsigned char 
  sign            1   24[COMRAM] unsigned char 
 Auto vars:     Size  Location     Type
		None
 Return value:  Size  Location     Type
                  3   20[COMRAM] float 
 Registers used:
		wreg, status,2, status,0
 Tracked objects:
		On entry : 
		On exit  : 
		Unchanged: 
 Data sizes:     COMRAM   BANK0   BANK1   BANK2   BANK3   BANK4   BANK5   BANK6   BANK7   BANK8   BANK9  BANK10  BANK11  BANK12  BANK13  BANK14  BANK15
      Params:         5       0       0       0       0       0       0       0       0       0       0       0       0       0       0       0       0
      Locals:         0       0       0       0       0       0       0       0       0       0       0       0       0       0       0       0       0
      Temps:          3       0       0       0       0       0       0       0       0       0       0       0       0       0       0       0       0
      Totals:         8       0       0       0       0       0       0       0       0       0       0       0       0       0       0       0       0
Total ram usage:        8 bytes
 Hardware stack levels used:    1
 Hardware stack levels required when called:    2
 This function calls:
		Nothing
 This function is called by:
		___awtoft
		___ftadd
		___ftdiv
		___ftmul
 This function uses a non-reentrant model


 *************** function _delay_sec *****************
 Defined at:
		line 73 in file "timers.c"
 Parameters:    Size  Location     Type
  i               1    wreg     unsigned char 
 Auto vars:     Size  Location     Type
  i               1   20[COMRAM] unsigned char 
 Return value:  Size  Location     Type
                  1    wreg      void 
 Registers used:
		wreg, status,2, status,0, cstack
 Tracked objects:
		On entry : 
		On exit  : 
		Unchanged: 
 Data sizes:     COMRAM   BANK0   BANK1   BANK2   BANK3   BANK4   BANK5   BANK6   BANK7   BANK8   BANK9  BANK10  BANK11  BANK12  BANK13  BANK14  BANK15
      Params:         0       0       0       0       0       0       0       0       0       0       0       0       0       0       0       0       0
      Locals:         1       0       0       0       0       0       0       0       0       0       0       0       0       0       0       0       0
      Temps:          0       0       0       0       0       0       0       0       0       0       0       0       0       0       0       0       0
      Totals:         1       0       0       0       0       0       0       0       0       0       0       0       0       0       0       0       0
Total ram usage:        1 bytes
 Hardware stack levels used:    1
 Hardware stack levels required when called:    3
 This function calls:
		_delay_1s
 This function is called by:
		_main
 This function uses a non-reentrant model


 *************** function _checkTemperature *****************
 Defined at:
		line 48 in file "carseat.c"
 Parameters:    Size  Location     Type
  t               2   20[COMRAM] short 
 Auto vars:     Size  Location     Type
  c               1   22[COMRAM] unsigned char 
 Return value:  Size  Location     Type
                  1    wreg      unsigned char 
 Registers used:
		wreg, status,2, status,0
 Tracked objects:
		On entry : 
		On exit  : 
		Unchanged: 
 Data sizes:     COMRAM   BANK0   BANK1   BANK2   BANK3   BANK4   BANK5   BANK6   BANK7   BANK8   BANK9  BANK10  BANK11  BANK12  BANK13  BANK14  BANK15
      Params:         2       0       0       0       0       0       0       0       0       0       0       0       0       0       0       0       0
      Locals:         1       0       0       0       0       0       0       0       0       0       0       0       0       0       0       0       0
      Temps:          0       0       0       0       0       0       0       0       0       0       0       0       0       0       0       0       0
      Totals:         3       0       0       0       0       0       0       0       0       0       0       0       0       0       0       0       0
Total ram usage:        3 bytes
 Hardware stack levels used:    1
 Hardware stack levels required when called:    2
 This function calls:
		Nothing
 This function is called by:
		_main
 This function uses a non-reentrant model


 *************** function _UART_init *****************
 Defined at:
		line 22 in file "uart.c"
 Parameters:    Size  Location     Type
		None
 Auto vars:     Size  Location     Type
		None
 Return value:  Size  Location     Type
                  1    wreg      void 
 Registers used:
		wreg, status,2, cstack
 Tracked objects:
		On entry : 
		On exit  : 
		Unchanged: 
 Data sizes:     COMRAM   BANK0   BANK1   BANK2   BANK3   BANK4   BANK5   BANK6   BANK7   BANK8   BANK9  BANK10  BANK11  BANK12  BANK13  BANK14  BANK15
      Params:         0       0       0       0       0       0       0       0       0       0       0       0       0       0       0       0       0
      Locals:         0       0       0       0       0       0       0       0       0       0       0       0       0       0       0       0       0
      Temps:          0       0       0       0       0       0       0       0       0       0       0       0       0       0       0       0       0
      Totals:         0       0       0       0       0       0       0       0       0       0       0       0       0       0       0       0       0
Total ram usage:        0 bytes
 Hardware stack levels used:    1
 Hardware stack levels required when called:    3
 This function calls:
		_set_UARTBaudConfig
		_set_UARTBaudRate
		_set_UARTrx
		_set_UARTtx
 This function is called by:
		_main
 This function uses a non-reentrant model


 *************** function _set_UARTtx *****************
 Defined at:
		line 32 in file "uart.c"
 Parameters:    Size  Location     Type
		None
 Auto vars:     Size  Location     Type
		None
 Return value:  Size  Location     Type
                  1    wreg      void 
 Registers used:
		None
 Tracked objects:
		On entry : 
		On exit  : 
		Unchanged: 
 Data sizes:     COMRAM   BANK0   BANK1   BANK2   BANK3   BANK4   BANK5   BANK6   BANK7   BANK8   BANK9  BANK10  BANK11  BANK12  BANK13  BANK14  BANK15
      Params:         0       0       0       0       0       0       0       0       0       0       0       0       0       0       0       0       0
      Locals:         0       0       0       0       0       0       0       0       0       0       0       0       0       0       0       0       0
      Temps:          0       0       0       0       0       0       0       0       0       0       0       0       0       0       0       0       0
      Totals:         0       0       0       0       0       0       0       0       0       0       0       0       0       0       0       0       0
Total ram usage:        0 bytes
 Hardware stack levels used:    1
 Hardware stack levels required when called:    2
 This function calls:
		Nothing
 This function is called by:
		_UART_init
 This function uses a non-reentrant model


 *************** function _set_UARTrx *****************
 Defined at:
		line 43 in file "uart.c"
 Parameters:    Size  Location     Type
		None
 Auto vars:     Size  Location     Type
		None
 Return value:  Size  Location     Type
                  1    wreg      void 
 Registers used:
		None
 Tracked objects:
		On entry : 
		On exit  : 
		Unchanged: 
 Data sizes:     COMRAM   BANK0   BANK1   BANK2   BANK3   BANK4   BANK5   BANK6   BANK7   BANK8   BANK9  BANK10  BANK11  BANK12  BANK13  BANK14  BANK15
      Params:         0       0       0       0       0       0       0       0       0       0       0       0       0       0       0       0       0
      Locals:         0       0       0       0       0       0       0       0       0       0       0       0       0       0       0       0       0
      Temps:          0       0       0       0       0       0       0       0       0       0       0       0       0       0       0       0       0
      Totals:         0       0       0       0       0       0       0       0       0       0       0       0       0       0       0       0       0
Total ram usage:        0 bytes
[...]
 Parameters:    Size  Location     Type
  bitmap          1    wreg     unsigned char 
 Auto vars:     Size  Location     Type
  bitmap          1   22[COMRAM] unsigned char 
  s               5   23[COMRAM] unsigned char [5]
 Return value:  Size  Location     Type
                  1    wreg      void 
 Registers used:
		wreg, fsr0l, fsr0h, fsr1l, fsr1h, fsr2l, fsr2h, status,2, status,0, tblptrl, tblptrh, tblptru, cstack
 Tracked objects:
		On entry : 
		On exit  : 
		Unchanged: 
 Data sizes:     COMRAM   BANK0   BANK1   BANK2   BANK3   BANK4   BANK5   BANK6   BANK7   BANK8   BANK9  BANK10  BANK11  BANK12  BANK13  BANK14  BANK15
      Params:         0       0       0       0       0       0       0       0       0       0       0       0       0       0       0       0       0
      Locals:         6       0       0       0       0       0       0       0       0       0       0       0       0       0       0       0       0
      Temps:          0       0       0       0       0       0       0       0       0       0       0       0       0       0       0       0       0
      Totals:         6       0       0       0       0       0       0       0       0       0       0       0       0       0       0       0       0
Total ram usage:        6 bytes
 Hardware stack levels used:    1
 Hardware stack levels required when called:    4
 This function calls:
		_UART_transmit
 This function is called by:
		_main
 This function uses a non-reentrant model


 *************** function _BTLE_set *****************
 Defined at:
		line 22 in file "bluetooth.c"
 Parameters:    Size  Location     Type
		None
 Auto vars:     Size  Location     Type
		None
 Return value:  Size  Location     Type
                  1    wreg      void 
 Registers used:
		wreg, fsr0l, fsr0h, fsr2l, fsr2h, status,2, status,0, tblptrl, tblptrh, tblptru, prodl, prodh, cstack
 Tracked objects:
		On entry : 
		On exit  : 
		Unchanged: 
 Data sizes:     COMRAM   BANK0   BANK1   BANK2   BANK3   BANK4   BANK5   BANK6   BANK7   BANK8   BANK9  BANK10  BANK11  BANK12  BANK13  BANK14  BANK15
      Params:         0       0       0       0       0       0       0       0       0       0       0       0       0       0       0       0       0
      Locals:         0       0       0       0       0       0       0       0       0       0       0       0       0       0       0       0       0
      Temps:          0       0       0       0       0       0       0       0       0       0       0       0       0       0       0       0       0
      Totals:         0       0       0       0       0       0       0       0       0       0       0       0       0       0       0       0       0
Total ram usage:        0 bytes
 Hardware stack levels used:    1
 Hardware stack levels required when called:    5
 This function calls:
		_BTLE_reboot
		_UART_transmit
		_clearStringBuffer
		_delay_1s
 This function is called by:
		_main
 This function uses a non-reentrant model


 *************** function _clearStringBuffer *****************
 Defined at:
		line 50 in file "functions.c"
 Parameters:    Size  Location     Type
		None
 Auto vars:     Size  Location     Type
  i               1   20[COMRAM] unsigned char 
 Return value:  Size  Location     Type
                  1    wreg      void 
 Registers used:
		wreg, fsr2l, fsr2h, status,2, status,0, prodl, prodh
 Tracked objects:
		On entry : 
		On exit  : 
		Unchanged: 
 Data sizes:     COMRAM   BANK0   BANK1   BANK2   BANK3   BANK4   BANK5   BANK6   BANK7   BANK8   BANK9  BANK10  BANK11  BANK12  BANK13  BANK14  BANK15
      Params:         0       0       0       0       0       0       0       0       0       0       0       0       0       0       0       0       0
      Locals:         1       0       0       0       0       0       0       0       0       0       0       0       0       0       0       0       0
      Temps:          0       0       0       0       0       0       0       0       0       0       0       0       0       0       0       0       0
      Totals:         1       0       0       0       0       0       0       0       0       0       0       0       0       0       0       0       0
Total ram usage:        1 bytes
 Hardware stack levels used:    1
 Hardware stack levels required when called:    2
 This function calls:
		Nothing
 This function is called by:
		_main
		_BTLE_set
		_BTLE_checkConnection
 This function uses a non-reentrant model


 *************** function _BTLE_reboot *****************
 Defined at:
		line 64 in file "bluetooth.c"
 Parameters:    Size  Location     Type
		None
 Auto vars:     Size  Location     Type
		None
 Return value:  Size  Location     Type
                  1    wreg      void 
 Registers used:
		wreg, fsr0l, fsr0h, status,2, status,0, tblptrl, tblptrh, tblptru, cstack
 Tracked objects:
		On entry : 
		On exit  : 
		Unchanged: 
 Data sizes:     COMRAM   BANK0   BANK1   BANK2   BANK3   BANK4   BANK5   BANK6   BANK7   BANK8   BANK9  BANK10  BANK11  BANK12  BANK13  BANK14  BANK15
      Params:         0       0       0       0       0       0       0       0       0       0       0       0       0       0       0       0       0
      Locals:         0       0       0       0       0       0       0       0       0       0       0       0       0       0       0       0       0
      Temps:          0       0       0       0       0       0       0       0       0       0       0       0       0       0       0       0       0
      Totals:         0       0       0       0       0       0       0       0       0       0       0       0       0       0       0       0       0
Total ram usage:        0 bytes
 Hardware stack levels used:    1
 Hardware stack levels required when called:    4
 This function calls:
		_UART_transmit
		_delay_1s
 This function is called by:
		_BTLE_set
 This function uses a non-reentrant model


 *************** function _delay_1s *****************
 Defined at:
		line 60 in file "timers.c"
 Parameters:    Size  Location     Type
		None
 Auto vars:     Size  Location     Type
		None
 Return value:  Size  Location     Type
                  1    wreg      void 
 Registers used:
		wreg, status,2
 Tracked objects:
		On entry : 
		On exit  : 
		Unchanged: 
 Data sizes:     COMRAM   BANK0   BANK1   BANK2   BANK3   BANK4   BANK5   BANK6   BANK7   BANK8   BANK9  BANK10  BANK11  BANK12  BANK13  BANK14  BANK15
      Params:         0       0       0       0       0       0       0       0       0       0       0       0       0       0       0       0       0
      Locals:         0       0       0       0       0       0       0       0       0       0       0       0       0       0       0       0       0
      Temps:          0       0       0       0       0       0       0       0       0       0       0       0       0       0       0       0       0
      Totals:         0       0       0       0       0       0       0       0       0       0       0       0       0       0       0       0       0
Total ram usage:        0 bytes
 Hardware stack levels used:    1
 Hardware stack levels required when called:    2
 This function calls:
		Nothing
 This function is called by:
		_BTLE_set
		_BTLE_reboot
		_delay_sec
		_BTLE_checkConnection
 This function uses a non-reentrant model


 *************** function _UART_transmit *****************
 Defined at:
		line 116 in file "uart.c"
 Parameters:    Size  Location     Type
  s               2   20[COMRAM] PTR unsigned char 
		 -> STR_5(5), STR_3(3), STR_2(13), STR_1(14), 
		 -> UART_SmartSeatStatus@s(5), 
 Auto vars:     Size  Location     Type
		None
 Return value:  Size  Location     Type
                  1    wreg      void 
 Registers used:
		wreg, fsr0l, fsr0h, status,2, status,0, tblptrl, tblptrh, tblptru, cstack
 Tracked objects:
		On entry : 
		On exit  : 
		Unchanged: 
 Data sizes:     COMRAM   BANK0   BANK1   BANK2   BANK3   BANK4   BANK5   BANK6   BANK7   BANK8   BANK9  BANK10  BANK11  BANK12  BANK13  BANK14  BANK15
      Params:         2       0       0       0       0       0       0       0       0       0       0       0       0       0       0       0       0
      Locals:         0       0       0       0       0       0       0       0       0       0       0       0       0       0       0       0       0
      Temps:          0       0       0       0       0       0       0       0       0       0       0       0       0       0       0       0       0
      Totals:         2       0       0       0       0       0       0       0       0       0       0       0       0       0       0       0       0
Total ram usage:        2 bytes
 Hardware stack levels used:    1
 Hardware stack levels required when called:    3
 This function calls:
		_delay_100ms
 This function is called by:
		_UART_SmartSeatStatus
		_BTLE_set
		_BTLE_reboot
		_BTLE_checkConnection
 This function uses a non-reentrant model


 *************** function _delay_100ms *****************
 Defined at:
		line 47 in file "timers.c"
 Parameters:    Size  Location     Type
		None
 Auto vars:     Size  Location     Type
		None
 Return value:  Size  Location     Type
                  1    wreg      void 
 Registers used:
		wreg, status,2
 Tracked objects:
		On entry : 
		On exit  : 
		Unchanged: 
 Data sizes:     COMRAM   BANK0   BANK1   BANK2   BANK3   BANK4   BANK5   BANK6   BANK7   BANK8   BANK9  BANK10  BANK11  BANK12  BANK13  BANK14  BANK15
      Params:         0       0       0       0       0       0       0       0       0       0       0       0       0       0       0       0       0
      Locals:         0       0       0       0       0       0       0       0       0       0       0       0       0       0       0       0       0
      Temps:          0       0       0       0       0       0       0       0       0       0       0       0       0       0       0       0       0
      Totals:         0       0       0       0       0       0       0       0       0       0       0       0       0       0       0       0       0
Total ram usage:        0 bytes
 Hardware stack levels used:    1
 Hardware stack levels required when called:    2
 This function calls:
		Nothing
 This function is called by:
		_UART_transmit
 This function uses a non-reentrant model


 *************** function _ADC_set *****************
 Defined at:
		line 24 in file "atod_converter.c"
 Parameters:    Size  Location     Type
		None
 Auto vars:     Size  Location     Type
		None
 Return value:  Size  Location     Type
                  1    wreg      void 
 Registers used:
		wreg, status,2
 Tracked objects:
		On entry : 
		On exit  : 
		Unchanged: 
 Data sizes:     COMRAM   BANK0   BANK1   BANK2   BANK3   BANK4   BANK5   BANK6   BANK7   BANK8   BANK9  BANK10  BANK11  BANK12  BANK13  BANK14  BANK15
      Params:         0       0       0       0       0       0       0       0       0       0       0       0       0       0       0       0       0
      Locals:         0       0       0       0       0       0       0       0       0       0       0       0       0       0       0       0       0
      Temps:          0       0       0       0       0       0       0       0       0       0       0       0       0       0       0       0       0
      Totals:         0       0       0       0       0       0       0       0       0       0       0       0       0       0       0       0       0
Total ram usage:        0 bytes
 Hardware stack levels used:    1
 Hardware stack levels required when called:    2
 This function calls:
		Nothing
 This function is called by:
		_main
 This function uses a non-reentrant model


 *************** function _ISR *****************
 Defined at:
		line 31 in file "interrupts.c"
 Parameters:    Size  Location     Type
		None
 Auto vars:     Size  Location     Type
		None
 Return value:  Size  Location     Type
                  1    wreg      void 
 Registers used:
		wreg, fsr1l, fsr1h, fsr2l, fsr2h, status,2, status,0, prodl, prodh, cstack
 Tracked objects:
		On entry : 
		On exit  : 
		Unchanged: 
 Data sizes:     COMRAM   BANK0   BANK1   BANK2   BANK3   BANK4   BANK5   BANK6   BANK7   BANK8   BANK9  BANK10  BANK11  BANK12  BANK13  BANK14  BANK15
      Params:         0       0       0       0       0       0       0       0       0       0       0       0       0       0       0       0       0
      Locals:         0       0       0       0       0       0       0       0       0       0       0       0       0       0       0       0       0
      Temps:         14       0       0       0       0       0       0       0       0       0       0       0       0       0       0       0       0
      Totals:        14       0       0       0       0       0       0       0       0       0       0       0       0       0       0       0       0
Total ram usage:       14 bytes
 Hardware stack levels used:    1
 Hardware stack levels required when called:    1
 This function calls:
		_str_copy
		i2_clearStringBuffer
 This function is called by:
		Interrupt level 2
 This function uses a non-reentrant model


 *************** function i2_clearStringBuffer *****************
 Defined at:
		line 50 in file "functions.c"
 Parameters:    Size  Location     Type
		None
 Auto vars:     Size  Location     Type
  clearStringB    1    0[COMRAM] unsigned char 
 Return value:  Size  Location     Type
                  1    wreg      void 
 Registers used:
		wreg, fsr2l, fsr2h, status,2, status,0, prodl, prodh
 Tracked objects:
		On entry : 
		On exit  : 
		Unchanged: 
 Data sizes:     COMRAM   BANK0   BANK1   BANK2   BANK3   BANK4   BANK5   BANK6   BANK7   BANK8   BANK9  BANK10  BANK11  BANK12  BANK13  BANK14  BANK15
      Params:         0       0       0       0       0       0       0       0       0       0       0       0       0       0       0       0       0
      Locals:         1       0       0       0       0       0       0       0       0       0       0       0       0       0       0       0       0
      Temps:          0       0       0       0       0       0       0       0       0       0       0       0       0       0       0       0       0
      Totals:         1       0       0       0       0       0       0       0       0       0       0       0       0       0       0       0       0
Total ram usage:        1 bytes
 Hardware stack levels used:    1
 This function calls:
		Nothing
 This function is called by:
		_ISR
 This function uses a non-reentrant model


 *************** function _str_copy *****************
 Defined at:
		line 38 in file "functions.c"
 Parameters:    Size  Location     Type
  s1              2    0[COMRAM] PTR unsigned char 
		 -> rxBuffer(32), 
  s2              2    2[COMRAM] PTR unsigned char 
		 -> message(32), 
  c               1    4[COMRAM] unsigned char 
 Auto vars:     Size  Location     Type
  i               1    5[COMRAM] unsigned char 
 Return value:  Size  Location     Type
                  1    wreg      void 
 Registers used:
		wreg, fsr1l, fsr1h, fsr2l, fsr2h, status,2, status,0
 Tracked objects:
		On entry : 
		On exit  : 
		Unchanged: 
 Data sizes:     COMRAM   BANK0   BANK1   BANK2   BANK3   BANK4   BANK5   BANK6   BANK7   BANK8   BANK9  BANK10  BANK11  BANK12  BANK13  BANK14  BANK15
      Params:         5       0       0       0       0       0       0       0       0       0       0       0       0       0       0       0       0
      Locals:         1       0       0       0       0       0       0       0       0       0       0       0       0       0       0       0       0
      Temps:          0       0       0       0       0       0       0       0       0       0       0       0       0       0       0       0       0
      Totals:         6       0       0       0       0       0       0       0       0       0       0       0       0       0       0       0       0
Total ram usage:        6 bytes
 Hardware stack levels used:    1
 This function calls:
		Nothing
 This function is called by:
		_ISR
 This function uses a non-reentrant model



MODULE INFORMATION

Module		Function		Class		Link	Load	Size
C:\Program Files (x86)\Microchip\xc8\v1.37\sources\common\ftdiv.c
		___ftdiv       		CODE           	15EC	0000	231

C:\Program Files (x86)\Microchip\xc8\v1.37\sources\common\ftdiv.c estimated size: 231

C:\Program Files (x86)\Microchip\xc8\v1.37\sources\common\ftge.c
		___ftge        		CODE           	1812	0000	145

C:\Program Files (x86)\Microchip\xc8\v1.37\sources\common\ftge.c estimated size: 145

timers.c
		_delay_1s      		CODE           	1ACA	0000	29
		_delay_100ms   		CODE           	1AE6	0000	29
		_set_timer0    		CODE           	1B86	0000	13
		_delay_sec     		CODE           	1B18	0000	19

timers.c estimated size: 90

MCU_config.c
		_set_output_pins		CODE           	1B4E	0000	15
		_set_pins      		CODE           	1BAA	0000	11
		_set_input_pins		CODE           	1BB4	0000	11
		_set_Fosc      		CODE           	1BC8	0000	7

MCU_config.c estimated size: 44

uart.c
		_set_UARTrx    		CODE           	1B78	0000	15
		_set_UARTtx    		CODE           	1B6A	0000	15
		_set_UARTBaudRate		CODE           	1BD4	0000	7
		_UART_init     		CODE           	1B2A	0000	19
		_set_UARTBaudConfig		CODE           	1B9E	0000	13
		_UART_SmartSeatStatus		CODE           	194C	0000	71
		_UART_transmit 		CODE           	18A2	0000	97

uart.c estimated size: 237

interrupts.c
		_ISR           		CODE           	0008	0000	213
		_set_interrupts		CODE           	1BBE	0000	11

interrupts.c estimated size: 224

carseat.c
		_getCarPower   		CODE           	1BCE	0000	7
		_checkTemperature		CODE           	1A08	0000	49
		_packageBitmap 		CODE           	1AAE	0000	29
		_getWeightInSeat		CODE           	1B92	0000	13
		_getTemperature		CODE           	1B5C	0000	15

carseat.c estimated size: 113

C:\Program Files (x86)\Microchip\xc8\v1.37\sources\common\fttol.c
		___fttol       		CODE           	11E0	0000	303

C:\Program Files (x86)\Microchip\xc8\v1.37\sources\common\fttol.c estimated size: 303

functions.c
		_str_copy      		CODE           	1A38	0000	47
		_clearStringBuffer		CODE           	1A66	0000	37

functions.c estimated size: 84

C:\Program Files (x86)\Microchip\xc8\v1.37\sources\common\ftadd.c
		___ftadd       		CODE           	1034	0000	429

C:\Program Files (x86)\Microchip\xc8\v1.37\sources\common\ftadd.c estimated size: 429

atod_converter.c
		_ADC_getCarPower		CODE           	1500	0000	237
		_ADC_getTemperature		CODE           	130E	0000	255
		_ADC_set       		CODE           	1B02	0000	23

atod_converter.c estimated size: 515

shared
		__initialization		CODE           	1992	0000	49
		i2_clearStringBuffer		CODE           	1A8A	0000	37

shared estimated size: 86

C:\Program Files (x86)\Microchip\xc8\v1.37\sources\common\awtoft.c
		___awtoft      		CODE           	19D0	0000	57

C:\Program Files (x86)\Microchip\xc8\v1.37\sources\common\awtoft.c estimated size: 57

bluetooth.c
		_BTLE_set      		CODE           	1902	0000	75
		_BTLE_reboot   		CODE           	1B3C	0000	19

bluetooth.c estimated size: 94

C:\Program Files (x86)\Microchip\xc8\v1.37\sources\common\float.c
		___ftpack      		CODE           	16D2	0000	175

C:\Program Files (x86)\Microchip\xc8\v1.37\sources\common\float.c estimated size: 175

main.c
		_main          		CODE           	1780	0000	147

main.c estimated size: 147

C:\Program Files (x86)\Microchip\xc8\v1.37\sources\common\ftmul.c
		___ftmul       		CODE           	140C	0000	245

C:\Program Files (x86)\Microchip\xc8\v1.37\sources\common\ftmul.c estimated size: 245

